// Jest Snapshot v1, https://goo.gl/fbAQLP

exports[`FormInput should render FormInput component 1`] = `
"<styled.div>
  <FormInputContainer onChange={[Function: mockConstructor]} value=\\"test@gmail.com\\" />
  <FormInputLabel className=\\"shrink\\">
    email
  </FormInputLabel>
</styled.div>"
`;
