// Jest Snapshot v1, https://goo.gl/fbAQLP

exports[`CollectionPreview should render CollectionPreview 1`] = `
"<styled.div>
  <TitleContainer onClick={[Function: onClick]}>
    HATS
  </TitleContainer>
  <styled.div />
</styled.div>"
`;
