// Jest Snapshot v1, https://goo.gl/fbAQLP

exports[`should render CartItem component 1`] = `
"<styled.div>
  <styled.img src=\\"www.testImage.com\\" alt=\\"item\\" />
  <styled.div>
    <styled.span>
      hats
    </styled.span>
    <span>
      2
       x R
      10
    </span>
  </styled.div>
</styled.div>"
`;
